﻿
> build
> vite build

[90m[[90mnitro:vercel[90m][39m [36mΓä╣[39m Using [36mnodejs24.x[39m runtime.
[90m[[90mnitro:vercel[90m][39m [36mΓä╣[39m Using [36mweb[39m entry format.
[36mvite v8.0.0 [32mbuilding client environment for production...[36m[39m
[MDX] generated files in 7.007799999999406ms
[2K
transforming...Γ£ô 2479 modules transformed.
rendering chunks...
computing gzip size...
.vercel/output/static/assets/inter-vietnamese-wght-normal-CBcvBZtf.woff2     10.25 kB
.vercel/output/static/assets/inter-greek-ext-wght-normal-DlzME5K_.woff2      11.23 kB
.vercel/output/static/assets/inter-cyrillic-wght-normal-DqGufNeO.woff2       18.74 kB
.vercel/output/static/assets/inter-greek-wght-normal-CkhJZR-_.woff2          18.99 kB
.vercel/output/static/assets/inter-cyrillic-ext-wght-normal-BOeWTOD4.woff2   25.96 kB
.vercel/output/static/assets/inter-latin-wght-normal-Dx4kXJAl.woff2          48.25 kB
.vercel/output/static/assets/inter-latin-ext-wght-normal-DO1Apj_S.woff2      85.06 kB
.vercel/output/static/assets/image-D8DuMFaX.css                               0.28 kB Γöé gzip:   0.12 kB
.vercel/output/static/assets/app-YAeZHMOo.css                               138.01 kB Γöé gzip:  21.66 kB
.vercel/output/static/assets/utils-F2coVVTP.js                                0.08 kB Γöé gzip:   0.10 kB
.vercel/output/static/assets/remove-undefined-Bfj4SlGF-9V0eZHv4.js            0.20 kB Γöé gzip:   0.16 kB
.vercel/output/static/assets/jsx-runtime-Cbmb5DT6.js                          0.42 kB Γöé gzip:   0.29 kB
.vercel/output/static/assets/fetch-DvIe4UJe.js                                0.44 kB Γöé gzip:   0.29 kB
.vercel/output/static/assets/dist-B3wpOVkG.js                                 0.64 kB Γöé gzip:   0.39 kB
.vercel/output/static/assets/chunk-DECur_0Z.js                                0.68 kB Γöé gzip:   0.41 kB
.vercel/output/static/assets/label-D7mlUcnD.js                                0.80 kB Γöé gzip:   0.49 kB
.vercel/output/static/assets/algolia-YiJ50f3a.js                              0.80 kB Γöé gzip:   0.51 kB
.vercel/output/static/assets/routes-Crp6x-VV.js                               0.81 kB Γöé gzip:   0.49 kB
.vercel/output/static/assets/search-CybQxGDf.js                               0.99 kB Γöé gzip:   0.53 kB
.vercel/output/static/assets/orama-cloud-legacy-DLyg99C6.js                   1.14 kB Γöé gzip:   0.60 kB
.vercel/output/static/assets/orama-cloud-N50VDrlY.js                          1.20 kB Γöé gzip:   0.62 kB
.vercel/output/static/assets/createLucideIcon-D8bO3_2w.js                     1.21 kB Γöé gzip:   0.70 kB
.vercel/output/static/assets/dist-DcnqTlQj.js                                 2.00 kB Γöé gzip:   0.92 kB
.vercel/output/static/assets/search-CgZdx1Op.js                               2.73 kB Γöé gzip:   1.29 kB
.vercel/output/static/assets/button-3Ad4k6Qx.js                               2.74 kB Γöé gzip:   0.94 kB
.vercel/output/static/assets/button-hJ3R7mjN.js                               2.75 kB Γöé gzip:   1.21 kB
.vercel/output/static/assets/dist-nA5x-s8o.js                                 4.11 kB Γöé gzip:   1.64 kB
.vercel/output/static/assets/docs-mh6kr9jT.js                                 5.07 kB Γöé gzip:   1.21 kB
.vercel/output/static/assets/dist-DP7J5HAs.js                                 5.34 kB Γöé gzip:   2.03 kB
.vercel/output/static/assets/test-D0B7OOLy.js                                 6.81 kB Γöé gzip:   1.26 kB
.vercel/output/static/assets/react-DYpzXrK8.js                                7.52 kB Γöé gzip:   2.87 kB
.vercel/output/static/assets/index.min-Dyd9p0Te.js                            8.79 kB Γöé gzip:   2.64 kB
.vercel/output/static/assets/dist-DoKF2CSH.js                                11.93 kB Γöé gzip:   3.71 kB
.vercel/output/static/assets/mixedbread-BaXoJBUZ.js                          11.94 kB Γöé gzip:   5.37 kB
.vercel/output/static/assets/_-9wPhz7tM.js                                   12.68 kB Γöé gzip:   4.30 kB
.vercel/output/static/assets/textarea-DMB-g7SR.js                            18.30 kB Γöé gzip:   4.73 kB
.vercel/output/static/assets/image-AEDA15c-.js                               19.10 kB Γöé gzip:   4.53 kB
.vercel/output/static/assets/pagination-0OoL-krl.js                          20.36 kB Γöé gzip:   5.03 kB
.vercel/output/static/assets/Combination-D3SbmMor.js                         24.65 kB Γöé gzip:   8.81 kB
.vercel/output/static/assets/clsx-BBeLzVr-.js                                26.38 kB Γöé gzip:   8.44 kB
.vercel/output/static/assets/input-k_otbUJM.js                               27.96 kB Γöé gzip:   4.65 kB
.vercel/output/static/assets/image-DhJ2VtjT.js                               28.36 kB Γöé gzip:   6.51 kB
.vercel/output/static/assets/button-C08hc0MC.js                              29.81 kB Γöé gzip:   4.85 kB
.vercel/output/static/assets/action-confirmation-dialog-Bp1Sfh7-.js          29.83 kB Γöé gzip:   7.10 kB
.vercel/output/static/assets/dist-BeKRahFY.js                                31.41 kB Γöé gzip:  11.70 kB
.vercel/output/static/assets/empty-state-Cj8s-lDp.js                         33.38 kB Γöé gzip:   6.11 kB
.vercel/output/static/assets/image-upload-Dw6HKZyv.js                        34.26 kB Γöé gzip:   7.80 kB
.vercel/output/static/assets/theme-toggle-CiN4PKrP.js                        36.98 kB Γöé gzip:  14.03 kB
.vercel/output/static/assets/orama-static-D3EWIXjQ.js                        62.63 kB Γöé gzip:  21.55 kB
.vercel/output/static/assets/remark-l6eBLpxD.js                              89.91 kB Γöé gzip:  25.75 kB
.vercel/output/static/assets/search-default-CBRatumx.js                     223.89 kB Γöé gzip:  69.07 kB
.vercel/output/static/assets/main-B574kbmN.js                               366.79 kB Γöé gzip: 116.14 kB
.vercel/output/static/assets/phone-input-CamAWHXU.js                        473.97 kB Γöé gzip: 112.44 kB

[32mΓ£ô built in 5.09s[39m
[36mvite v8.0.0 [32mbuilding ssr environment for production...[36m[39m
[MDX] generated files in 2.7373999999999796ms
[2K
transforming...Γ£ô 610 modules transformed.
rendering chunks...
computing gzip size...
node_modules/.nitro/vite/services/ssr/assets/inter-vietnamese-wght-normal-CBcvBZtf.woff2       10.25 kB
node_modules/.nitro/vite/services/ssr/assets/inter-greek-ext-wght-normal-DlzME5K_.woff2        11.23 kB
node_modules/.nitro/vite/services/ssr/assets/inter-cyrillic-wght-normal-DqGufNeO.woff2         18.74 kB
node_modules/.nitro/vite/services/ssr/assets/inter-greek-wght-normal-CkhJZR-_.woff2            18.99 kB
node_modules/.nitro/vite/services/ssr/assets/inter-cyrillic-ext-wght-normal-BOeWTOD4.woff2     25.96 kB
node_modules/.nitro/vite/services/ssr/assets/inter-latin-wght-normal-Dx4kXJAl.woff2            48.25 kB
node_modules/.nitro/vite/services/ssr/assets/inter-latin-ext-wght-normal-DO1Apj_S.woff2        85.06 kB
node_modules/.nitro/vite/services/ssr/assets/image-D8DuMFaX.css                                 0.28 kB Γöé gzip:   0.12 kB
node_modules/.nitro/vite/services/ssr/assets/app-YAeZHMOo.css                                 138.01 kB Γöé gzip:  21.66 kB
node_modules/.nitro/vite/services/ssr/assets/utils-CvQUiITU.js                                  0.18 kB Γöé gzip:   0.15 kB
node_modules/.nitro/vite/services/ssr/assets/docs-DTycNGzD.js                                   0.19 kB Γöé gzip:   0.14 kB
node_modules/.nitro/vite/services/ssr/assets/test-TrItAbdm.js                                   0.19 kB Γöé gzip:   0.14 kB
node_modules/.nitro/vite/services/ssr/assets/input-BEkE6QDY.js                                  0.19 kB Γöé gzip:   0.15 kB
node_modules/.nitro/vite/services/ssr/assets/button-BrGz4dgj.js                                 0.20 kB Γöé gzip:   0.15 kB
node_modules/.nitro/vite/services/ssr/assets/textarea-B_iIORDb.js                               0.20 kB Γöé gzip:   0.15 kB
node_modules/.nitro/vite/services/ssr/assets/pagination-CJcMoXi1.js                             0.20 kB Γöé gzip:   0.15 kB
node_modules/.nitro/vite/services/ssr/assets/empty-state-CPQWmiWs.js                            0.20 kB Γöé gzip:   0.15 kB
node_modules/.nitro/vite/services/ssr/assets/phone-input-I4VWzY2Q.js                            0.20 kB Γöé gzip:   0.15 kB
node_modules/.nitro/vite/services/ssr/assets/action-confirmation-dialog-CF8xuPxs.js             0.22 kB Γöé gzip:   0.16 kB
node_modules/.nitro/vite/services/ssr/assets/image-DVXNlt4D.js                                  0.22 kB Γöé gzip:   0.16 kB
node_modules/.nitro/vite/services/ssr/assets/image-upload-Bj-zCMmM.js                           0.23 kB Γöé gzip:   0.17 kB
node_modules/.nitro/vite/services/ssr/assets/remove-undefined-Bfj4SlGF-CbuN2Xdr.js              0.59 kB Γöé gzip:   0.35 kB
node_modules/.nitro/vite/services/ssr/assets/label-B4aarN_M.js                                  0.60 kB Γöé gzip:   0.38 kB
node_modules/.nitro/vite/services/ssr/assets/__tanstack-start-server-fn-resolver-C27ADiLy.js    0.88 kB Γöé gzip:   0.44 kB
node_modules/.nitro/vite/services/ssr/assets/fetch-u6R2tcgQ.js                                  0.89 kB Γöé gzip:   0.50 kB
node_modules/.nitro/vite/services/ssr/assets/routes-BYF28q1p.js                                 0.96 kB Γöé gzip:   0.54 kB
node_modules/.nitro/vite/services/ssr/assets/_tanstack-start-manifest_v-Bp7DtVB3.js             1.10 kB Γöé gzip:   0.51 kB
node_modules/.nitro/vite/services/ssr/assets/chunk-BoAXSpZd-Bnp6yFRV.js                         1.23 kB Γöé gzip:   0.64 kB
node_modules/.nitro/vite/services/ssr/assets/_-CUDFEEFP.js                                      1.30 kB Γöé gzip:   0.68 kB
node_modules/.nitro/vite/services/ssr/assets/chunk-BnRpC7BT.js                                  1.39 kB Γöé gzip:   0.66 kB
node_modules/.nitro/vite/services/ssr/assets/algolia-CVf_afNu.js                                1.57 kB Γöé gzip:   0.79 kB
node_modules/.nitro/vite/services/ssr/assets/orama-static-udc7dxQ9.js                           1.66 kB Γöé gzip:   0.84 kB
node_modules/.nitro/vite/services/ssr/assets/search-ujU9p-Uk.js                                 1.97 kB Γöé gzip:   0.84 kB
node_modules/.nitro/vite/services/ssr/assets/image-e7U-Md9D.js                                  2.16 kB Γöé gzip:   0.97 kB
node_modules/.nitro/vite/services/ssr/assets/orama-cloud-legacy-DrZINR0r.js                     2.30 kB Γöé gzip:   0.92 kB
node_modules/.nitro/vite/services/ssr/assets/orama-cloud-cnUirVgT.js                            2.35 kB Γöé gzip:   0.94 kB
node_modules/.nitro/vite/services/ssr/assets/utils-6GexS7iX-DcFWs2R3.js                         2.49 kB Γöé gzip:   1.06 kB
node_modules/.nitro/vite/services/ssr/assets/button-CqlyPP2X.js                                 2.96 kB Γöé gzip:   1.01 kB
node_modules/.nitro/vite/services/ssr/assets/button-QyuS0xFu.js                                 3.34 kB Γöé gzip:   1.33 kB
node_modules/.nitro/vite/services/ssr/assets/dist-XnK6MY2I.js                                   6.02 kB Γöé gzip:   2.33 kB
node_modules/.nitro/vite/services/ssr/assets/docs-D1rc3_pB.js                                   6.49 kB Γöé gzip:   1.54 kB
node_modules/.nitro/vite/services/ssr/assets/test-BvRfiaBY.js                                   9.91 kB Γöé gzip:   1.64 kB
node_modules/.nitro/vite/services/ssr/assets/createServerFn-BQJTsDex.js                        12.59 kB Γöé gzip:   3.61 kB
node_modules/.nitro/vite/services/ssr/assets/mixedbread-DTK4B7l4.js                            15.15 kB Γöé gzip:   6.25 kB
node_modules/.nitro/vite/services/ssr/assets/textarea-B6BAcpo0.js                              25.33 kB Γöé gzip:   5.33 kB
node_modules/.nitro/vite/services/ssr/assets/image-DzCXh1hw.js                                 25.83 kB Γöé gzip:   4.96 kB
node_modules/.nitro/vite/services/ssr/assets/router-D5FKBXPl.js                                25.98 kB Γöé gzip:   6.83 kB
node_modules/.nitro/vite/services/ssr/assets/source-DrRq1ftJ.js                                29.10 kB Γöé gzip:   8.42 kB
node_modules/.nitro/vite/services/ssr/assets/start-22ZvNioE.js                                 29.74 kB Γöé gzip:   6.57 kB
node_modules/.nitro/vite/services/ssr/assets/pagination-EqbGi9mE.js                            30.27 kB Γöé gzip:   5.80 kB
node_modules/.nitro/vite/services/ssr/assets/action-confirmation-dialog-CbxwM2gR.js            37.73 kB Γöé gzip:   6.68 kB
node_modules/.nitro/vite/services/ssr/assets/input-BMZECVwl.js                                 39.10 kB Γöé gzip:   5.25 kB
node_modules/.nitro/vite/services/ssr/assets/phone-input-BRqPEgyQ.js                           40.21 kB Γöé gzip:   8.71 kB
node_modules/.nitro/vite/services/ssr/assets/button-_t0vHjI1.js                                40.32 kB Γöé gzip:   5.52 kB
node_modules/.nitro/vite/services/ssr/assets/home-BS73LRr-.js                                  41.50 kB Γöé gzip:   9.35 kB
node_modules/.nitro/vite/services/ssr/assets/empty-state--Zbk4-B1.js                           46.19 kB Γöé gzip:   7.04 kB
node_modules/.nitro/vite/services/ssr/assets/_-C9VxQg-e.js                                     47.75 kB Γöé gzip:  10.65 kB
node_modules/.nitro/vite/services/ssr/assets/image-upload-C738qrRT.js                          49.64 kB Γöé gzip:   9.38 kB
node_modules/.nitro/vite/services/ssr/assets/es2015-sfanOm8S.js                                69.07 kB Γöé gzip:  17.66 kB
node_modules/.nitro/vite/services/ssr/assets/_-v_Ulhmt3.js                                     84.07 kB Γöé gzip:  22.36 kB
node_modules/.nitro/vite/services/ssr/assets/theme-toggle-CNC53G3G.js                         100.12 kB Γöé gzip:  24.86 kB
node_modules/.nitro/vite/services/ssr/assets/advanced-BZKQwtss-CmSc1spe.js                    126.03 kB Γöé gzip:  30.40 kB
node_modules/.nitro/vite/services/ssr/index.js                                                135.29 kB Γöé gzip:  32.98 kB
node_modules/.nitro/vite/services/ssr/assets/remark-DIkyKASw.js                               383.00 kB Γöé gzip:  81.27 kB
node_modules/.nitro/vite/services/ssr/assets/search-default-CEaBhRCj.js                       432.55 kB Γöé gzip: 102.69 kB

[32mΓ£ô built in 1.98s[39m

[90m[[90mnitro[90m][39m [35mΓùÉ[39m Building [[35mNitro[39m] [2m(preset: [36mvercel[39m, compatibility: [36m2026-03-16[39m)[22m
[90m[[90mnitro[90m][39m [32mΓ£ö[39m Generated public [36m.vercel/output/static[39m
[36mvite v8.0.0 [32mbuilding nitro environment for production...[36m[39m
[MDX] generated files in 2.3615999999983615ms
[2K
transforming...Γ£ô 2140 modules transformed.
[36mΓä╣[39m Tracing dependencies:
- [36mtslib[39m (2.8.1)
[32mΓ£ö[39m Traced 1 dependencies (2 files) in 87ms.
[36mΓä╣[39m Ensure your production environment matches the builder OS and architecture ([36mwin32-x64[39m) to avoid native module issues.
rendering chunks...
computing gzip size...
.vercel/output/functions/__server.func/_libs/_.mjs                                         0.10 kB Γöé gzip:   0.10 kB
.vercel/output/functions/__server.func/_libs/radix-ui__number.mjs                          0.21 kB Γöé gzip:   0.17 kB
.vercel/output/functions/__server.func/_libs/tanstack__router-core.mjs                     0.23 kB Γöé gzip:   0.17 kB
.vercel/output/functions/__server.func/_ssr/docs-DTycNGzD.mjs                              0.25 kB Γöé gzip:   0.18 kB
.vercel/output/functions/__server.func/_ssr/test-TrItAbdm.mjs                              0.25 kB Γöé gzip:   0.18 kB
.vercel/output/functions/__server.func/_ssr/image-DVXNlt4D.mjs                             0.25 kB Γöé gzip:   0.18 kB
.vercel/output/functions/__server.func/_ssr/input-BEkE6QDY.mjs                             0.25 kB Γöé gzip:   0.18 kB
.vercel/output/functions/__server.func/_ssr/button-BrGz4dgj.mjs                            0.25 kB Γöé gzip:   0.19 kB
.vercel/output/functions/__server.func/_ssr/textarea-B_iIORDb.mjs                          0.26 kB Γöé gzip:   0.19 kB
.vercel/output/functions/__server.func/_ssr/pagination-CJcMoXi1.mjs                        0.26 kB Γöé gzip:   0.19 kB
.vercel/output/functions/__server.func/_ssr/empty-state-CPQWmiWs.mjs                       0.26 kB Γöé gzip:   0.19 kB
.vercel/output/functions/__server.func/_ssr/phone-input-I4VWzY2Q.mjs                       0.26 kB Γöé gzip:   0.19 kB
.vercel/output/functions/__server.func/_ssr/image-upload-Bj-zCMmM.mjs                      0.26 kB Γöé gzip:   0.19 kB
.vercel/output/functions/__server.func/_ssr/action-confirmation-dialog-CF8xuPxs.mjs        0.27 kB Γöé gzip:   0.19 kB
.vercel/output/functions/__server.func/_ssr/utils-CvQUiITU.mjs                             0.29 kB Γöé gzip:   0.22 kB
.vercel/output/functions/__server.func/_libs/radix-ui__primitive.mjs                       0.42 kB Γöé gzip:   0.23 kB
.vercel/output/functions/__server.func/_ssr/remove-undefined-Bfj4SlGF-CbuN2Xdr.mjs         0.53 kB Γöé gzip:   0.31 kB
.vercel/output/functions/__server.func/_libs/radix-ui__react-direction.mjs                 0.56 kB Γöé gzip:   0.34 kB
.vercel/output/functions/__server.func/_chunks/ssr-renderer.mjs                            0.76 kB Γöé gzip:   0.42 kB
.vercel/output/functions/__server.func/_ssr/fetch-u6R2tcgQ.mjs                             0.81 kB Γöé gzip:   0.46 kB
.vercel/output/functions/__server.func/_ssr/label-B4aarN_M.mjs                             0.84 kB Γöé gzip:   0.47 kB
.vercel/output/functions/__server.func/__tanstack-start-server-fn-resolver-C27ADiLy.mjs    0.93 kB Γöé gzip:   0.48 kB
.vercel/output/functions/__server.func/_libs/radix-ui__react-label.mjs                     0.98 kB Γöé gzip:   0.52 kB
.vercel/output/functions/__server.func/_libs/radix-ui__react-arrow.mjs                     1.04 kB Γöé gzip:   0.54 kB
.vercel/output/functions/__server.func/_tanstack-start-manifest_v-Bp7DtVB3.mjs             1.15 kB Γöé gzip:   0.54 kB
.vercel/output/functions/__server.func/_libs/hookable.mjs                                  1.16 kB Γöé gzip:   0.52 kB
.vercel/output/functions/__server.func/_-CUDFEEFP.mjs                                      1.21 kB Γöé gzip:   0.65 kB
.vercel/output/functions/__server.func/_ssr/routes-BYF28q1p.mjs                            1.24 kB Γöé gzip:   0.62 kB
.vercel/output/functions/__server.func/_ssr/chunk-BnRpC7BT.mjs                             1.43 kB Γöé gzip:   0.69 kB
.vercel/output/functions/__server.func/_ssr/algolia-CVf_afNu.mjs                           1.47 kB Γöé gzip:   0.73 kB
.vercel/output/functions/__server.func/_runtime.mjs                                        1.51 kB Γöé gzip:   0.72 kB
.vercel/output/functions/__server.func/_ssr/orama-static-udc7dxQ9.mjs                      1.53 kB Γöé gzip:   0.77 kB
.vercel/output/functions/__server.func/_libs/classnames.mjs                                1.62 kB Γöé gzip:   0.74 kB
.vercel/output/functions/__server.func/_ssr/search-ujU9p-Uk.mjs                            1.90 kB Γöé gzip:   0.80 kB
.vercel/output/functions/__server.func/_libs/hugeicons__react.mjs                          1.95 kB Γöé gzip:   0.84 kB
.vercel/output/functions/__server.func/_ssr/orama-cloud-legacy-DrZINR0r.mjs                2.20 kB Γöé gzip:   0.86 kB
.vercel/output/functions/__server.func/_ssr/orama-cloud-cnUirVgT.mjs                       2.25 kB Γöé gzip:   0.88 kB
.vercel/output/functions/__server.func/_ssr/utils-6GexS7iX-DcFWs2R3.mjs                    2.27 kB Γöé gzip:   1.00 kB
.vercel/output/functions/__server.func/_ssr/image-e7U-Md9D.mjs                             2.62 kB Γöé gzip:   1.11 kB
.vercel/output/functions/__server.func/_ssr/button-CqlyPP2X.mjs                            3.17 kB Γöé gzip:   1.11 kB
.vercel/output/functions/__server.func/_libs/class-variance-authority+clsx.mjs             3.25 kB Γöé gzip:   1.27 kB
.vercel/output/functions/__server.func/_ssr/button-QyuS0xFu.mjs                            3.66 kB Γöé gzip:   1.43 kB
.vercel/output/functions/__server.func/_libs/fumadocs-mdx.mjs                              5.12 kB Γöé gzip:   1.68 kB
.vercel/output/functions/__server.func/_ssr/dist-XnK6MY2I.mjs                              5.87 kB Γöé gzip:   2.32 kB
.vercel/output/functions/__server.func/_ssr/docs-D1rc3_pB.mjs                              7.25 kB Γöé gzip:   1.63 kB
.vercel/output/functions/__server.func/index.mjs                                           7.52 kB Γöé gzip:   2.63 kB
.vercel/output/functions/__server.func/_libs/hugeicons__core-free-icons.mjs                8.97 kB Γöé gzip:   2.29 kB
.vercel/output/functions/__server.func/_libs/tanstack__history.mjs                         9.51 kB Γöé gzip:   2.56 kB
.vercel/output/functions/__server.func/_ssr/test-BvRfiaBY.mjs                             11.36 kB Γöé gzip:   1.76 kB
.vercel/output/functions/__server.func/_ssr/createServerFn-BQJTsDex.mjs                   11.43 kB Γöé gzip:   3.50 kB
.vercel/output/functions/__server.func/_ssr/mixedbread-DTK4B7l4.mjs                       15.77 kB Γöé gzip:   6.58 kB
.vercel/output/functions/__server.func/_libs/cmdk.mjs                                     16.66 kB Γöé gzip:   5.54 kB
.vercel/output/functions/__server.func/_libs/input-format+prop-types.mjs                  20.37 kB Γöé gzip:   4.82 kB
.vercel/output/functions/__server.func/_libs/@radix-ui/react-popover+[...].mjs            20.75 kB Γöé gzip:   5.17 kB
.vercel/output/functions/__server.func/_libs/h3+rou3+srvx.mjs                             22.22 kB Γöé gzip:   6.23 kB
.vercel/output/functions/__server.func/_ssr/router-D5FKBXPl.mjs                           25.32 kB Γöé gzip:   6.60 kB
.vercel/output/functions/__server.func/_libs/@floating-ui/dom+[...].mjs                   25.94 kB Γöé gzip:   6.59 kB
.vercel/output/functions/__server.func/_libs/@floating-ui/core+[...].mjs                  25.98 kB Γöé gzip:   6.39 kB
.vercel/output/functions/__server.func/_libs/radix-ui__react-scroll-area.mjs              26.91 kB Γöé gzip:   5.28 kB
.vercel/output/functions/__server.func/_ssr/source-DrRq1ftJ.mjs                           28.62 kB Γöé gzip:   8.40 kB
.vercel/output/functions/__server.func/_ssr/start-22ZvNioE.mjs                            28.93 kB Γöé gzip:   6.51 kB
.vercel/output/functions/__server.func/_ssr/textarea-B6BAcpo0.mjs                         29.15 kB Γöé gzip:   5.48 kB
.vercel/output/functions/__server.func/_ssr/image-DzCXh1hw.mjs                            29.76 kB Γöé gzip:   5.09 kB
.vercel/output/functions/__server.func/_libs/@floating-ui/react-dom+[...].mjs             31.40 kB Γöé gzip:   8.03 kB
.vercel/output/functions/__server.func/_ssr/pagination-EqbGi9mE.mjs                       34.18 kB Γöé gzip:   5.88 kB
.vercel/output/functions/__server.func/_libs/react-lazy-load-image-component+[...].mjs    38.40 kB Γöé gzip:   7.34 kB
.vercel/output/functions/__server.func/_ssr/action-confirmation-dialog-CbxwM2gR.mjs       42.93 kB Γöé gzip:   6.90 kB
.vercel/output/functions/__server.func/_ssr/home-BS73LRr-.mjs                             43.95 kB Γöé gzip:   9.30 kB
.vercel/output/functions/__server.func/_ssr/input-BMZECVwl.mjs                            44.84 kB Γöé gzip:   5.63 kB
.vercel/output/functions/__server.func/_ssr/phone-input-BRqPEgyQ.mjs                      45.18 kB Γöé gzip:   8.90 kB
.vercel/output/functions/__server.func/_ssr/button-_t0vHjI1.mjs                           46.35 kB Γöé gzip:   5.82 kB
.vercel/output/functions/__server.func/_-C9VxQg-e.mjs                                     50.14 kB Γöé gzip:  10.56 kB
.vercel/output/functions/__server.func/_ssr/empty-state--Zbk4-B1.mjs                      52.62 kB Γöé gzip:   7.39 kB
.vercel/output/functions/__server.func/_ssr/image-upload-C738qrRT.mjs                     55.69 kB Γöé gzip:   9.52 kB
.vercel/output/functions/__server.func/_libs/tailwind-merge.mjs                           55.90 kB Γöé gzip:  12.01 kB
.vercel/output/functions/__server.func/_ssr/es2015-sfanOm8S.mjs                           64.65 kB Γöé gzip:  16.63 kB
.vercel/output/functions/__server.func/_libs/@radix-ui/react-alert-dialog+[...].mjs       84.10 kB Γöé gzip:  19.72 kB
.vercel/output/functions/__server.func/_libs/react-phone-number-input.mjs                 86.99 kB Γöé gzip:  18.88 kB
.vercel/output/functions/__server.func/_-v_Ulhmt3.mjs                                     87.78 kB Γöé gzip:  22.16 kB
.vercel/output/functions/__server.func/_ssr/theme-toggle-CNC53G3G.mjs                     99.33 kB Γöé gzip:  24.24 kB
.vercel/output/functions/__server.func/_ssr/advanced-BZKQwtss-CmSc1spe.mjs               122.27 kB Γöé gzip:  30.02 kB
.vercel/output/functions/__server.func/_ssr/ssr.mjs                                      130.85 kB Γöé gzip:  32.27 kB
.vercel/output/functions/__server.func/_libs/libphonenumber-js.mjs                       272.92 kB Γöé gzip:  50.17 kB
.vercel/output/functions/__server.func/_libs/country-flag-icons.mjs                      338.43 kB Γöé gzip:  58.81 kB
.vercel/output/functions/__server.func/_ssr/remark-DIkyKASw.mjs                          368.33 kB Γöé gzip:  79.72 kB
.vercel/output/functions/__server.func/_ssr/search-default-CEaBhRCj.mjs                  424.77 kB Γöé gzip: 101.23 kB
.vercel/output/functions/__server.func/_libs/react-dom.mjs                               428.47 kB Γöé gzip:  82.94 kB
.vercel/output/functions/__server.func/_libs/@tanstack/react-router+[...].mjs            626.03 kB Γöé gzip: 126.58 kB
.vercel/output/functions/__server.func/_libs/lucide-react.mjs                            662.40 kB Γöé gzip: 138.59 kB

[32mΓ£ô built in 1.91s[39m
[36mΓä╣[39m Generated [36m.vercel/output/nitro.json[39m

[90m[[90mnitro[90m][39m [32mΓ£ö[39m You can preview this build using [36mnpx vite preview[39m
[90m[[90mnitro[90m][39m [32mΓ£ö[39m You can deploy this build using [36mnpx nitro deploy --prebuilt[39m
[prerender] Prerendering pages...

 [37mΓò¡[39m[37mΓöÇ[39m[37mΓöÇ[39m[37mΓöÇ[39m[37mΓöÇ[39m[37mΓöÇ[39m[37mΓöÇ[39m[37mΓöÇ[39m[37mΓöÇ[39m[37mΓöÇ[39m[37mΓöÇ[39m[37m [Build Info] [39m[37mΓöÇ[39m[37mΓöÇ[39m[37mΓöÇ[39m[37mΓöÇ[39m[37mΓöÇ[39m[37mΓöÇ[39m[37mΓöÇ[39m[37mΓöÇ[39m[37mΓöÇ[39m[37mΓöÇ[39m[37mΓöÇ[39m[37mΓöÇ[39m[37mΓöÇ[39m[37mΓò«[39m
 [37mΓöé[39m                                     [37mΓöé[39m
 [37mΓöé[39m  - Build Directory: [36m.vercel/output[39m  [37mΓöé[39m
 [37mΓöé[39m  - Date: 3/16/2026, 5:37:24 AM      [37mΓöé[39m
 [37mΓöé[39m  - Nitro Version: 3.0.260311-beta   [37mΓöé[39m
 [37mΓöé[39m  - Nitro Preset: vercel             [37mΓöé[39m
 [37mΓöé[39m                                     [37mΓöé[39m
 [37mΓò░[39m[37mΓöÇ[39m[37mΓöÇ[39m[37mΓöÇ[39m[37mΓöÇ[39m[37mΓöÇ[39m[37mΓöÇ[39m[37mΓöÇ[39m[37mΓöÇ[39m[37mΓöÇ[39m[37mΓöÇ[39m[37mΓöÇ[39m[37mΓöÇ[39m[37mΓöÇ[39m[37mΓöÇ[39m[37mΓöÇ[39m[37mΓöÇ[39m[37mΓöÇ[39m[37mΓöÇ[39m[37mΓöÇ[39m[37mΓöÇ[39m[37mΓöÇ[39m[37mΓöÇ[39m[37mΓöÇ[39m[37mΓöÇ[39m[37mΓöÇ[39m[37mΓöÇ[39m[37mΓöÇ[39m[37mΓöÇ[39m[37mΓöÇ[39m[37mΓöÇ[39m[37mΓöÇ[39m[37mΓöÇ[39m[37mΓöÇ[39m[37mΓöÇ[39m[37mΓöÇ[39m[37mΓöÇ[39m[37mΓöÇ[39m[37mΓò»[39m

Port 3000 is in use, trying another one...
[prerender] Concurrency: 24
[prerender] Crawling: /
[prerender] Prerendered 0 pages:
